# nThread 1 nGpus 1 minBytes 8 maxBytes 8192 step: 2(factor) warmup iters: 5 iters: 20 agg iters: 1 validation: 1 graph: 0
#
# Using devices
#  Rank  0 Group  0 Pid 1311477 on        ja2 device  0 [0000:01:00] Tesla V100-PCIE-16GB
#  Rank  1 Group  0 Pid 927448 on        ja3 device  0 [0000:01:00] Tesla V100-PCIE-16GB
ja2:1311477:1311477 [0] NCCL INFO cudaDriverVersion 12000
ja2:1311477:1311477 [0] NCCL INFO NCCL version 2.23.4+cuda12.2
ja2:1311477:1311486 [0] NCCL INFO NET/Plugin: Could not find: libnccl-net.so. Using internal network plugin.
ja2:1311477:1311486 [0] NCCL INFO NCCL_IB_HCA set to mlx5_0
ja2:1311477:1311486 [0] NCCL INFO NET/IB : Using [0]mlx5_0:1/IB [RO]; OOB enp68s0f0:172.23.15.12<0>
ja2:1311477:1311486 [0] NCCL INFO PROFILER/Plugin: Could not find: libnccl-profiler.so.
ja2:1311477:1311486 [0] NCCL INFO Using network IB
ja2:1311477:1311486 [0] NCCL INFO ncclCommInitRank comm 0x23b0e370 rank 0 nranks 2 cudaDev 0 nvmlDev 0 busId 1000 commId 0x57e05fe0e7563221 - Init START
ja3:927448:927448 [0] NCCL INFO cudaDriverVersion 12000
ja3:927448:927448 [0] NCCL INFO NCCL version 2.23.4+cuda12.2
ja3:927448:927454 [0] NCCL INFO NET/Plugin: Could not find: libnccl-net.so. Using internal network plugin.
ja3:927448:927454 [0] NCCL INFO NCCL_IB_HCA set to mlx5_0
ja3:927448:927454 [0] NCCL INFO NET/IB : Using [0]mlx5_0:1/IB [RO]; OOB enp68s0f0:172.23.15.13<0>
ja3:927448:927454 [0] NCCL INFO PROFILER/Plugin: Could not find: libnccl-profiler.so.
ja3:927448:927454 [0] NCCL INFO Using network IB
ja3:927448:927454 [0] NCCL INFO ncclCommInitRank comm 0x1712cd30 rank 1 nranks 2 cudaDev 0 nvmlDev 0 busId 1000 commId 0x57e05fe0e7563221 - Init START
ja3:927448:927454 [0] NCCL INFO NET/IB : GPU Direct RDMA Disabled for HCA 0 'mlx5_0'
ja2:1311477:1311486 [0] NCCL INFO NET/IB : GPU Direct RDMA Disabled for HCA 0 'mlx5_0'
ja2:1311477:1311486 [0] NCCL INFO comm 0x23b0e370 rank 0 nRanks 2 nNodes 2 localRanks 1 localRank 0 MNNVL 0
ja3:927448:927454 [0] NCCL INFO comm 0x1712cd30 rank 1 nRanks 2 nNodes 2 localRanks 1 localRank 0 MNNVL 0
ja3:927448:927454 [0] NCCL INFO MSCCL: No external scheduler found, using internal implementation
ja3:927448:927454 [0] NCCL INFO MSCCL: Internal Scheduler will use /home/wangyj05/msccl_azure/executor/msccl-executor-nccl/build/lib/msccl-algorithms as algorithm directory and /home/wangyj05/msccl_azure/executor/msccl-executor-nccl/build/lib/../share/nccl/msccl-algorithms as share algorithm directory and /usr/share/nccl/msccl-algorithms as package installed share algorithm directory 
ja2:1311477:1311486 [0] NCCL INFO MSCCL: No external scheduler found, using internal implementation
ja2:1311477:1311486 [0] NCCL INFO MSCCL: Internal Scheduler will use /home/wangyj05/msccl_azure/executor/msccl-executor-nccl/build/lib/msccl-algorithms as algorithm directory and /home/wangyj05/msccl_azure/executor/msccl-executor-nccl/build/lib/../share/nccl/msccl-algorithms as share algorithm directory and /usr/share/nccl/msccl-algorithms as package installed share algorithm directory 
ja2:1311477:1311486 [0] NCCL INFO Using MSCCL Algo files from /home/wangyj05/msccl_azure/executor/msccl-executor-nccl/build/lib/msccl-algorithms
ja2:1311477:1311486 [0] NCCL INFO Channel 00/02 : 0 1
ja2:1311477:1311486 [0] NCCL INFO Channel 01/02 : 0 1
ja3:927448:927454 [0] NCCL INFO Using MSCCL Algo files from /home/wangyj05/msccl_azure/executor/msccl-executor-nccl/build/lib/msccl-algorithms
ja3:927448:927454 [0] NCCL INFO Trees [0] -1/-1/-1->1->0 [1] 0/-1/-1->1->-1
ja3:927448:927454 [0] NCCL INFO NCCL_BUFFSIZE set by environment to 4194304.
ja3:927448:927454 [0] NCCL INFO NCCL_P2P_NET_CHUNKSIZE set by environment to 524288.
ja3:927448:927454 [0] NCCL INFO P2P Chunksize set to 524288
ja2:1311477:1311486 [0] NCCL INFO Trees [0] 1/-1/-1->0->-1 [1] -1/-1/-1->0->1
ja2:1311477:1311486 [0] NCCL INFO NCCL_BUFFSIZE set by environment to 4194304.
ja2:1311477:1311486 [0] NCCL INFO NCCL_P2P_NET_CHUNKSIZE set by environment to 524288.
ja2:1311477:1311486 [0] NCCL INFO P2P Chunksize set to 524288
ja3:927448:927456 [0] NCCL INFO [Proxy Service] Device 0 CPU core 64
ja2:1311477:1311488 [0] NCCL INFO [Proxy Service] Device 0 CPU core 64
ja3:927448:927457 [0] NCCL INFO [Proxy Service UDS] Device 0 CPU core 64
ja2:1311477:1311489 [0] NCCL INFO [Proxy Service UDS] Device 0 CPU core 64
ja3:927448:927454 [0] NCCL INFO NCCL_PROTO set by environment to Simple
ja3:927448:927454 [0] NCCL INFO threadThresholds 8/8/64 | 16/8/64 | 512 | 512
ja3:927448:927454 [0] NCCL INFO 2 coll channels, 2 collnet channels, 0 nvls channels, 2 p2p channels, 2 p2p channels per peer
ja2:1311477:1311486 [0] NCCL INFO NCCL_PROTO set by environment to Simple
ja2:1311477:1311486 [0] NCCL INFO threadThresholds 8/8/64 | 16/8/64 | 512 | 512
ja2:1311477:1311486 [0] NCCL INFO 2 coll channels, 2 collnet channels, 0 nvls channels, 2 p2p channels, 2 p2p channels per peer
ja2:1311477:1311486 [0] NCCL INFO CC Off, Multi-GPU CC Off, workFifoBytes 1048576
ja3:927448:927454 [0] NCCL INFO MSCCL: Initialization finished
ja2:1311477:1311486 [0] NCCL INFO MSCCL: Initialization finished
ja3:927448:927454 [0] NCCL INFO TUNER/Plugin: Could not find: libnccl-tuner.so libnccl-net.so. Using internal tuner plugin.
ja3:927448:927454 [0] NCCL INFO ncclCommInitRank comm 0x1712cd30 rank 1 nranks 2 cudaDev 0 nvmlDev 0 busId 1000 commId 0x57e05fe0e7563221 - Init COMPLETE
ja3:927448:927454 [0] NCCL INFO Init timings - ncclCommInitRank: rank 1 nranks 2 total 0.03 (kernels 0.00, alloc 0.02, bootstrap 0.00, allgathers 0.00, topo 0.00, graphs 0.00, connections 0.00, rest 0.00)
ja2:1311477:1311486 [0] NCCL INFO TUNER/Plugin: Could not find: libnccl-tuner.so libnccl-net.so. Using internal tuner plugin.
ja2:1311477:1311486 [0] NCCL INFO ncclCommInitRank comm 0x23b0e370 rank 0 nranks 2 cudaDev 0 nvmlDev 0 busId 1000 commId 0x57e05fe0e7563221 - Init COMPLETE
ja2:1311477:1311486 [0] NCCL INFO Init timings - ncclCommInitRank: rank 0 nranks 2 total 0.10 (kernels 0.00, alloc 0.02, bootstrap 0.07, allgathers 0.00, topo 0.00, graphs 0.00, connections 0.00, rest 0.00)
#
#                                                              out-of-place                       in-place          
#       size         count      type   redop    root     time   algbw   busbw #wrong     time   algbw   busbw #wrong
#        (B)    (elements)                               (us)  (GB/s)  (GB/s)            (us)  (GB/s)  (GB/s)       
ja2:1311477:1311490 [0] NCCL INFO NCCL_NET_SHARED_BUFFERS set by environment to 0.
ja3:927448:927458 [0] NCCL INFO NCCL_NET_SHARED_BUFFERS set by environment to 0.
ja3:927448:927456 [0] NCCL INFO New proxy recv connection 0 from local rank 0, transport 2
ja3:927448:927458 [0] NCCL INFO Connected to proxy localRank 0 -> connection 0x149e78000d10
ja2:1311477:1311488 [0] NCCL INFO New proxy recv connection 0 from local rank 0, transport 2
ja3:927448:927459 [0] NCCL INFO [Proxy Progress] Device 0 CPU core 64
ja3:927448:927458 [0] NCCL INFO Channel 00/1 : 0[0] -> 1[0] [receive] via NET/IB/0
ja3:927448:927456 [0] NCCL INFO New proxy recv connection 1 from local rank 0, transport 2
ja2:1311477:1311491 [0] NCCL INFO [Proxy Progress] Device 0 CPU core 64
ja2:1311477:1311490 [0] NCCL INFO Connected to proxy localRank 0 -> connection 0x146714000cd0
ja3:927448:927458 [0] NCCL INFO Connected to proxy localRank 0 -> connection 0x149e78000d88
ja3:927448:927458 [0] NCCL INFO Channel 01/1 : 0[0] -> 1[0] [receive] via NET/IB/0
ja2:1311477:1311490 [0] NCCL INFO Channel 00/1 : 1[0] -> 0[0] [receive] via NET/IB/0
ja3:927448:927456 [0] NCCL INFO New proxy send connection 2 from local rank 0, transport 2
ja3:927448:927458 [0] NCCL INFO Connected to proxy localRank 0 -> connection 0x149e78000e00
ja3:927448:927458 [0] NCCL INFO Channel 00/1 : 1[0] -> 0[0] [send] via NET/IB/0
ja3:927448:927456 [0] NCCL INFO New proxy send connection 3 from local rank 0, transport 2
ja3:927448:927458 [0] NCCL INFO Connected to proxy localRank 0 -> connection 0x149e78000e78
ja2:1311477:1311488 [0] NCCL INFO New proxy recv connection 1 from local rank 0, transport 2
ja3:927448:927458 [0] NCCL INFO Channel 01/1 : 1[0] -> 0[0] [send] via NET/IB/0
ja2:1311477:1311490 [0] NCCL INFO Connected to proxy localRank 0 -> connection 0x146714000d48
ja2:1311477:1311490 [0] NCCL INFO Channel 01/1 : 1[0] -> 0[0] [receive] via NET/IB/0
ja2:1311477:1311488 [0] NCCL INFO New proxy send connection 2 from local rank 0, transport 2
ja2:1311477:1311490 [0] NCCL INFO Connected to proxy localRank 0 -> connection 0x146714000dc0
ja2:1311477:1311490 [0] NCCL INFO Channel 00/1 : 0[0] -> 1[0] [send] via NET/IB/0
ja2:1311477:1311488 [0] NCCL INFO New proxy send connection 3 from local rank 0, transport 2
ja2:1311477:1311490 [0] NCCL INFO Connected to proxy localRank 0 -> connection 0x146714000e38
ja2:1311477:1311490 [0] NCCL INFO Channel 01/1 : 0[0] -> 1[0] [send] via NET/IB/0
ja2:1311477:1311488 [0] NCCL INFO NCCL_IB_QPS_PER_CONNECTION set by environment to 2.
ja3:927448:927456 [0] NCCL INFO NCCL_IB_QPS_PER_CONNECTION set by environment to 2.
ja2:1311477:1311488 [0] NCCL INFO NCCL_IB_FRAG_SIZE set by environment to -1.
ja3:927448:927456 [0] NCCL INFO NCCL_IB_FRAG_SIZE set by environment to -1.
ja2:1311477:1311488 [0] NCCL INFO NET/IB: NCCL Dev 0 IbDev 0 Port 1 qpn 3674 mtu 5 LID 22 subnet-prefix 33022  FLID 0 fifoRkey=0x183af9 fifoLkey=0x183af9
ja2:1311477:1311488 [0] NCCL INFO NET/IB: NCCL Dev 0 IbDev 0 Port 1 qpn 3675 mtu 5 LID 22 subnet-prefix 33022  FLID 0 fifoRkey=0x183af9 fifoLkey=0x183af9
ja3:927448:927456 [0] NCCL INFO NET/IB: NCCL Dev 0 IbDev 0 Port 1 qpn 3593 mtu 5 LID 23 subnet-prefix 33022  FLID 0 fifoRkey=0x1827e6 fifoLkey=0x1827e6
ja3:927448:927456 [0] NCCL INFO NET/IB: NCCL Dev 0 IbDev 0 Port 1 qpn 3594 mtu 5 LID 23 subnet-prefix 33022  FLID 0 fifoRkey=0x1827e6 fifoLkey=0x1827e6
ja3:927448:927456 [0] NCCL INFO NCCL_IB_FRAG_BATCH set by environment to 2.
ja3:927448:927456 [0] NCCL INFO NET/IB: MTU fragmentation on: fragSize=4096 batch=2 sqDepth=2048 nqps=2
ja2:1311477:1311488 [0] NCCL INFO NET/IB: NCCL Dev 0 IbDev 0 Port 1 qpn 3679 mtu 5 LID 22 subnet-prefix 33022  FLID 0 fifoRkey=0x17fcbb fifoLkey=0x17fcbb
ja2:1311477:1311488 [0] NCCL INFO NET/IB: NCCL Dev 0 IbDev 0 Port 1 qpn 3680 mtu 5 LID 22 subnet-prefix 33022  FLID 0 fifoRkey=0x17fcbb fifoLkey=0x17fcbb
ja2:1311477:1311488 [0] NCCL INFO NCCL_IB_FRAG_BATCH set by environment to 2.
ja2:1311477:1311488 [0] NCCL INFO NET/IB: MTU fragmentation on: fragSize=4096 batch=2 sqDepth=2048 nqps=2
ja3:927448:927456 [0] NCCL INFO NET/IB: NCCL Dev 0 IbDev 0 Port 1 qpn 3598 mtu 5 LID 23 subnet-prefix 33022  FLID 0 fifoRkey=0x1800c0 fifoLkey=0x1800c0
ja3:927448:927456 [0] NCCL INFO NET/IB: NCCL Dev 0 IbDev 0 Port 1 qpn 3599 mtu 5 LID 23 subnet-prefix 33022  FLID 0 fifoRkey=0x1800c0 fifoLkey=0x1800c0
ja3:927448:927456 [0] NCCL INFO NET/IB: MTU fragmentation on: fragSize=4096 batch=2 sqDepth=2048 nqps=2
ja2:1311477:1311488 [0] NCCL INFO NET/IB: MTU fragmentation on: fragSize=4096 batch=2 sqDepth=2048 nqps=2
ja2:1311477:1311491 [0] NCCL INFO NCCL_IB_SPLIT_DATA_ON_QPS set by environment to 1.
ja3:927448:927459 [0] NCCL INFO NCCL_IB_SPLIT_DATA_ON_QPS set by environment to 1.
           8             2     float     sum      -1    14.63    0.00    0.00      0    14.34    0.00    0.00    N/A
          16             4     float     sum      -1    16.67    0.00    0.00      0    14.30    0.00    0.00    N/A
          32             8     float     sum      -1    22.56    0.00    0.00      0    14.62    0.00    0.00    N/A
          64            16     float     sum      -1    17.38    0.00    0.00      0    14.80    0.00    0.00    N/A
         128            32     float     sum      -1    16.93    0.01    0.01      0    15.07    0.01    0.01    N/A
         256            64     float     sum      -1    18.65    0.01    0.01      0    15.73    0.02    0.02    N/A
         512           128     float     sum      -1    19.90    0.03    0.03      0    16.13    0.03    0.03    N/A
        1024           256     float     sum      -1    18.92    0.05    0.05      0    16.14    0.06    0.06    N/A
        2048           512     float     sum      -1    18.49    0.11    0.11      0    17.51    0.12    0.12    N/A
        4096          1024     float     sum      -1    25.98    0.16    0.16      0    20.06    0.20    0.20    N/A
        8192          2048     float     sum      -1    29.76    0.28    0.28      0    26.36    0.31    0.31    N/A
ja3:927448:927448 [0] NCCL INFO comm 0x1712cd30 rank 1 nranks 2 cudaDev 0 busId 1000 - Destroy COMPLETE
ja2:1311477:1311477 [0] NCCL INFO comm 0x23b0e370 rank 0 nranks 2 cudaDev 0 busId 1000 - Destroy COMPLETE
ja3:927448:927448 [0] NCCL INFO MSCCL: Teardown finished
ja2:1311477:1311477 [0] NCCL INFO MSCCL: Teardown finished
# Out of bounds values : 0 OK
# Avg bus bandwidth    : 0.0641586 
#

