# nThread 1 nGpus 1 minBytes 8 maxBytes 536870912 step: 2(factor) warmup iters: 5 iters: 20 agg iters: 1 validation: 1 graph: 0
#
# Using devices
#  Rank  0 Group  0 Pid 1308864 on        ja2 device  0 [0000:01:00] Tesla V100-PCIE-16GB
#  Rank  1 Group  0 Pid 925764 on        ja3 device  0 [0000:01:00] Tesla V100-PCIE-16GB
ja2:1308864:1308864 [0] NCCL INFO cudaDriverVersion 12000
ja2:1308864:1308864 [0] NCCL INFO NCCL version 2.23.4+cuda12.2
ja2:1308864:1308879 [0] NCCL INFO NET/Plugin: Could not find: libnccl-net.so. Using internal network plugin.
ja2:1308864:1308879 [0] NCCL INFO NCCL_IB_HCA set to mlx5_0
ja2:1308864:1308879 [0] NCCL INFO NET/IB : Using [0]mlx5_0:1/IB [RO]; OOB enp68s0f0:172.23.15.12<0>
ja2:1308864:1308879 [0] NCCL INFO PROFILER/Plugin: Could not find: libnccl-profiler.so.
ja2:1308864:1308879 [0] NCCL INFO Using network IB
ja2:1308864:1308879 [0] NCCL INFO ncclCommInitRank comm 0x33d94aa0 rank 0 nranks 2 cudaDev 0 nvmlDev 0 busId 1000 commId 0x73bad96f597c6fa2 - Init START
ja3:925764:925764 [0] NCCL INFO cudaDriverVersion 12000
ja3:925764:925764 [0] NCCL INFO NCCL version 2.23.4+cuda12.2
ja3:925764:925777 [0] NCCL INFO NET/Plugin: Could not find: libnccl-net.so. Using internal network plugin.
ja3:925764:925777 [0] NCCL INFO NCCL_IB_HCA set to mlx5_0
ja3:925764:925777 [0] NCCL INFO NET/IB : Using [0]mlx5_0:1/IB [RO]; OOB enp68s0f0:172.23.15.13<0>
ja3:925764:925777 [0] NCCL INFO PROFILER/Plugin: Could not find: libnccl-profiler.so.
ja3:925764:925777 [0] NCCL INFO Using network IB
ja3:925764:925777 [0] NCCL INFO ncclCommInitRank comm 0x16fbf8d0 rank 1 nranks 2 cudaDev 0 nvmlDev 0 busId 1000 commId 0x73bad96f597c6fa2 - Init START
ja3:925764:925777 [0] NCCL INFO NET/IB : GPU Direct RDMA Disabled for HCA 0 'mlx5_0'
ja2:1308864:1308879 [0] NCCL INFO NET/IB : GPU Direct RDMA Disabled for HCA 0 'mlx5_0'
ja3:925764:925777 [0] NCCL INFO comm 0x16fbf8d0 rank 1 nRanks 2 nNodes 2 localRanks 1 localRank 0 MNNVL 0
ja2:1308864:1308879 [0] NCCL INFO comm 0x33d94aa0 rank 0 nRanks 2 nNodes 2 localRanks 1 localRank 0 MNNVL 0
ja3:925764:925777 [0] NCCL INFO MSCCL: No external scheduler found, using internal implementation
ja3:925764:925777 [0] NCCL INFO MSCCL: Internal Scheduler will use /home/wangyj05/msccl_azure/executor/msccl-executor-nccl/build/lib/msccl-algorithms as algorithm directory and /home/wangyj05/msccl_azure/executor/msccl-executor-nccl/build/lib/../share/nccl/msccl-algorithms as share algorithm directory and /usr/share/nccl/msccl-algorithms as package installed share algorithm directory 
ja3:925764:925777 [0] NCCL INFO Using MSCCL Algo files from /home/wangyj05/msccl_azure/executor/msccl-executor-nccl/build/lib/msccl-algorithms
ja3:925764:925777 [0] NCCL INFO Trees [0] -1/-1/-1->1->0 [1] 0/-1/-1->1->-1
ja3:925764:925777 [0] NCCL INFO NCCL_BUFFSIZE set by environment to 4194304.
ja3:925764:925777 [0] NCCL INFO NCCL_P2P_NET_CHUNKSIZE set by environment to 524288.
ja3:925764:925777 [0] NCCL INFO P2P Chunksize set to 524288
ja3:925764:925779 [0] NCCL INFO [Proxy Service] Device 0 CPU core 64
ja3:925764:925780 [0] NCCL INFO [Proxy Service UDS] Device 0 CPU core 64
ja3:925764:925777 [0] NCCL INFO NCCL_PROTO set by environment to Simple
ja3:925764:925777 [0] NCCL INFO threadThresholds 8/8/64 | 16/8/64 | 512 | 512
ja3:925764:925777 [0] NCCL INFO 2 coll channels, 2 collnet channels, 0 nvls channels, 2 p2p channels, 2 p2p channels per peer
ja3:925764:925777 [0] NCCL INFO MSCCL: Initialization finished
ja2:1308864:1308879 [0] NCCL INFO MSCCL: No external scheduler found, using internal implementation
ja2:1308864:1308879 [0] NCCL INFO MSCCL: Internal Scheduler will use /home/wangyj05/msccl_azure/executor/msccl-executor-nccl/build/lib/msccl-algorithms as algorithm directory and /home/wangyj05/msccl_azure/executor/msccl-executor-nccl/build/lib/../share/nccl/msccl-algorithms as share algorithm directory and /usr/share/nccl/msccl-algorithms as package installed share algorithm directory 
ja3:925764:925777 [0] NCCL INFO TUNER/Plugin: Could not find: libnccl-tuner.so libnccl-net.so. Using internal tuner plugin.
ja3:925764:925777 [0] NCCL INFO ncclCommInitRank comm 0x16fbf8d0 rank 1 nranks 2 cudaDev 0 nvmlDev 0 busId 1000 commId 0x73bad96f597c6fa2 - Init COMPLETE
ja3:925764:925777 [0] NCCL INFO Init timings - ncclCommInitRank: rank 1 nranks 2 total 0.04 (kernels 0.00, alloc 0.03, bootstrap 0.00, allgathers 0.00, topo 0.01, graphs 0.00, connections 0.00, rest 0.00)
ja2:1308864:1308879 [0] NCCL INFO Using MSCCL Algo files from /home/wangyj05/msccl_azure/executor/msccl-executor-nccl/build/lib/msccl-algorithms
ja2:1308864:1308879 [0] NCCL INFO Channel 00/02 : 0 1
ja2:1308864:1308879 [0] NCCL INFO Channel 01/02 : 0 1
ja2:1308864:1308879 [0] NCCL INFO Trees [0] 1/-1/-1->0->-1 [1] -1/-1/-1->0->1
ja2:1308864:1308879 [0] NCCL INFO NCCL_BUFFSIZE set by environment to 4194304.
ja2:1308864:1308879 [0] NCCL INFO NCCL_P2P_NET_CHUNKSIZE set by environment to 524288.
ja2:1308864:1308879 [0] NCCL INFO P2P Chunksize set to 524288
ja2:1308864:1308881 [0] NCCL INFO [Proxy Service] Device 0 CPU core 192
ja2:1308864:1308882 [0] NCCL INFO [Proxy Service UDS] Device 0 CPU core 192
ja2:1308864:1308879 [0] NCCL INFO NCCL_PROTO set by environment to Simple
ja2:1308864:1308879 [0] NCCL INFO threadThresholds 8/8/64 | 16/8/64 | 512 | 512
ja2:1308864:1308879 [0] NCCL INFO 2 coll channels, 2 collnet channels, 0 nvls channels, 2 p2p channels, 2 p2p channels per peer
ja2:1308864:1308879 [0] NCCL INFO CC Off, Multi-GPU CC Off, workFifoBytes 1048576
ja2:1308864:1308879 [0] NCCL INFO MSCCL: Initialization finished
ja2:1308864:1308879 [0] NCCL INFO TUNER/Plugin: Could not find: libnccl-tuner.so libnccl-net.so. Using internal tuner plugin.
ja2:1308864:1308879 [0] NCCL INFO ncclCommInitRank comm 0x33d94aa0 rank 0 nranks 2 cudaDev 0 nvmlDev 0 busId 1000 commId 0x73bad96f597c6fa2 - Init COMPLETE
ja2:1308864:1308879 [0] NCCL INFO Init timings - ncclCommInitRank: rank 0 nranks 2 total 0.17 (kernels 0.00, alloc 0.04, bootstrap 0.10, allgathers 0.01, topo 0.01, graphs 0.00, connections 0.00, rest 0.01)
#
#                                                              out-of-place                       in-place          
#       size         count      type   redop    root     time   algbw   busbw #wrong     time   algbw   busbw #wrong
#        (B)    (elements)                               (us)  (GB/s)  (GB/s)            (us)  (GB/s)  (GB/s)       
ja3:925764:925781 [0] NCCL INFO NCCL_NET_SHARED_BUFFERS set by environment to 0.
ja2:1308864:1308883 [0] NCCL INFO NCCL_NET_SHARED_BUFFERS set by environment to 0.
ja3:925764:925779 [0] NCCL INFO New proxy recv connection 0 from local rank 0, transport 2
ja3:925764:925781 [0] NCCL INFO Connected to proxy localRank 0 -> connection 0x152b90000d10
ja2:1308864:1308881 [0] NCCL INFO New proxy recv connection 0 from local rank 0, transport 2
ja2:1308864:1308883 [0] NCCL INFO Connected to proxy localRank 0 -> connection 0x14b778000cd0
ja3:925764:925782 [0] NCCL INFO [Proxy Progress] Device 0 CPU core 64
ja3:925764:925781 [0] NCCL INFO Channel 00/1 : 0[0] -> 1[0] [receive] via NET/IB/0
ja3:925764:925779 [0] NCCL INFO New proxy recv connection 1 from local rank 0, transport 2
ja3:925764:925781 [0] NCCL INFO Connected to proxy localRank 0 -> connection 0x152b90000d88
ja2:1308864:1308884 [0] NCCL INFO [Proxy Progress] Device 0 CPU core 64
ja3:925764:925781 [0] NCCL INFO Channel 01/1 : 0[0] -> 1[0] [receive] via NET/IB/0
ja3:925764:925779 [0] NCCL INFO New proxy send connection 2 from local rank 0, transport 2
ja3:925764:925781 [0] NCCL INFO Connected to proxy localRank 0 -> connection 0x152b90000e00
ja3:925764:925781 [0] NCCL INFO Channel 00/1 : 1[0] -> 0[0] [send] via NET/IB/0
ja3:925764:925779 [0] NCCL INFO New proxy send connection 3 from local rank 0, transport 2
ja3:925764:925781 [0] NCCL INFO Connected to proxy localRank 0 -> connection 0x152b90000e78
ja3:925764:925781 [0] NCCL INFO Channel 01/1 : 1[0] -> 0[0] [send] via NET/IB/0
ja2:1308864:1308883 [0] NCCL INFO Channel 00/1 : 1[0] -> 0[0] [receive] via NET/IB/0
ja2:1308864:1308881 [0] NCCL INFO New proxy recv connection 1 from local rank 0, transport 2
ja2:1308864:1308883 [0] NCCL INFO Connected to proxy localRank 0 -> connection 0x14b778000d48
ja2:1308864:1308883 [0] NCCL INFO Channel 01/1 : 1[0] -> 0[0] [receive] via NET/IB/0
ja2:1308864:1308881 [0] NCCL INFO New proxy send connection 2 from local rank 0, transport 2
ja2:1308864:1308883 [0] NCCL INFO Connected to proxy localRank 0 -> connection 0x14b778000dc0
ja2:1308864:1308883 [0] NCCL INFO Channel 00/1 : 0[0] -> 1[0] [send] via NET/IB/0
ja2:1308864:1308881 [0] NCCL INFO New proxy send connection 3 from local rank 0, transport 2
ja2:1308864:1308883 [0] NCCL INFO Connected to proxy localRank 0 -> connection 0x14b778000e38
ja2:1308864:1308883 [0] NCCL INFO Channel 01/1 : 0[0] -> 1[0] [send] via NET/IB/0
ja2:1308864:1308881 [0] NCCL INFO NCCL_IB_QPS_PER_CONNECTION set by environment to 1.
ja3:925764:925779 [0] NCCL INFO NCCL_IB_QPS_PER_CONNECTION set by environment to 1.
ja2:1308864:1308881 [0] NCCL INFO NCCL_IB_SEND_QUEUE_DEPTH set by environment to 0.
ja2:1308864:1308881 [0] NCCL INFO NCCL_IB_FRAG_SIZE set by environment to 0.
ja3:925764:925779 [0] NCCL INFO NCCL_IB_SEND_QUEUE_DEPTH set by environment to 0.
ja3:925764:925779 [0] NCCL INFO NCCL_IB_FRAG_SIZE set by environment to 0.
ja2:1308864:1308881 [0] NCCL INFO NET/IB: NCCL Dev 0 IbDev 0 Port 1 qpn 2785 mtu 5 LID 22 subnet-prefix 33022  FLID 0 fifoRkey=0x1836f5 fifoLkey=0x1836f5
ja3:925764:925779 [0] NCCL INFO NET/IB: NCCL Dev 0 IbDev 0 Port 1 qpn 2704 mtu 5 LID 23 subnet-prefix 33022  FLID 0 fifoRkey=0x180bca fifoLkey=0x180bca
ja2:1308864:1308881 [0] NCCL INFO NET/IB: NCCL Dev 0 IbDev 0 Port 1 qpn 2788 mtu 5 LID 22 subnet-prefix 33022  FLID 0 fifoRkey=0x17fcbb fifoLkey=0x17fcbb
ja3:925764:925779 [0] NCCL INFO NET/IB: NCCL Dev 0 IbDev 0 Port 1 qpn 2707 mtu 5 LID 23 subnet-prefix 33022  FLID 0 fifoRkey=0x1800c0 fifoLkey=0x1800c0
ja2:1308864:1308884 [0] NCCL INFO NCCL_IB_SPLIT_DATA_ON_QPS set by environment to 0.
ja2:1308864:1308884 [0] NCCL INFO NCCL_IB_AR_THRESHOLD set by environment to 0.
ja3:925764:925782 [0] NCCL INFO NCCL_IB_SPLIT_DATA_ON_QPS set by environment to 0.
ja3:925764:925782 [0] NCCL INFO NCCL_IB_AR_THRESHOLD set by environment to 0.
           8             2     float     sum      -1    13.59    0.00    0.00      0    13.35    0.00    0.00    N/A
          16             4     float     sum      -1    16.09    0.00    0.00      0    13.16    0.00    0.00    N/A
          32             8     float     sum      -1    16.06    0.00    0.00      0    13.11    0.00    0.00    N/A
          64            16     float     sum      -1    15.43    0.00    0.00      0    13.20    0.00    0.00    N/A
         128            32     float     sum      -1    15.20    0.01    0.01      0    13.38    0.01    0.01    N/A
         256            64     float     sum      -1    14.99    0.02    0.02      0    13.48    0.02    0.02    N/A
         512           128     float     sum      -1    17.14    0.03    0.03      0    23.48    0.02    0.02    N/A
        1024           256     float     sum      -1    16.74    0.06    0.06      0    14.64    0.07    0.07    N/A
        2048           512     float     sum      -1    17.88    0.11    0.11      0    15.67    0.13    0.13    N/A
        4096          1024     float     sum      -1    20.87    0.20    0.20      0    19.44    0.21    0.21    N/A
        8192          2048     float     sum      -1    28.96    0.28    0.28      0    26.16    0.31    0.31    N/A
       16384          4096     float     sum      -1    37.48    0.44    0.44      0    35.68    0.46    0.46    N/A
       32768          8192     float     sum      -1    50.65    0.65    0.65      0    49.85    0.66    0.66    N/A
       65536         16384     float     sum      -1    44.39    1.48    1.48      0    42.89    1.53    1.53    N/A
      131072         32768     float     sum      -1    59.60    2.20    2.20      0    58.50    2.24    2.24    N/A
      262144         65536     float     sum      -1    80.39    3.26    3.26      0    79.35    3.30    3.30    N/A
      524288        131072     float     sum      -1    122.1    4.29    4.29      0    120.4    4.35    4.35    N/A
     1048576        262144     float     sum      -1    199.4    5.26    5.26      0    198.5    5.28    5.28    N/A
     2097152        524288     float     sum      -1    352.5    5.95    5.95      0    310.3    6.76    6.76    N/A
     4194304       1048576     float     sum      -1    588.6    7.13    7.13      0    588.5    7.13    7.13    N/A
     8388608       2097152     float     sum      -1   1092.1    7.68    7.68      0   1069.0    7.85    7.85    N/A
    16777216       4194304     float     sum      -1   2054.5    8.17    8.17      0   2014.2    8.33    8.33    N/A
    33554432       8388608     float     sum      -1   3905.2    8.59    8.59      0   3901.5    8.60    8.60    N/A
    67108864      16777216     float     sum      -1   7611.4    8.82    8.82      0   7535.4    8.91    8.91    N/A
   134217728      33554432     float     sum      -1    15048    8.92    8.92      0    14976    8.96    8.96    N/A
   268435456      67108864     float     sum      -1    29334    9.15    9.15      0    29734    9.03    9.03    N/A
   536870912     134217728     float     sum      -1    57940    9.27    9.27      0    57577    9.32    9.32    N/A
ja3:925764:925764 [0] NCCL INFO comm 0x16fbf8d0 rank 1 nranks 2 cudaDev 0 busId 1000 - Destroy COMPLETE
ja3:925764:925764 [0] NCCL INFO MSCCL: Teardown finished
ja2:1308864:1308864 [0] NCCL INFO comm 0x33d94aa0 rank 0 nranks 2 cudaDev 0 busId 1000 - Destroy COMPLETE
ja2:1308864:1308864 [0] NCCL INFO MSCCL: Teardown finished
# Out of bounds values : 0 OK
# Avg bus bandwidth    : 3.43426 
#

