# nThread 1 nGpus 1 minBytes 65536 maxBytes 2097152 step: 2(factor) warmup iters: 20 iters: 50 agg iters: 1 validation: 1 graph: 0
#
# Using devices
#  Rank  0 Group  0 Pid 1311140 on        ja2 device  0 [0000:01:00] Tesla V100-PCIE-16GB
#  Rank  1 Group  0 Pid 927214 on        ja3 device  0 [0000:01:00] Tesla V100-PCIE-16GB
ja2:1311140:1311140 [0] NCCL INFO cudaDriverVersion 12000
ja2:1311140:1311140 [0] NCCL INFO NCCL version 2.23.4+cuda12.2
ja2:1311140:1311147 [0] NCCL INFO NET/Plugin: Could not find: libnccl-net.so. Using internal network plugin.
ja2:1311140:1311147 [0] NCCL INFO NCCL_IB_HCA set to mlx5_0
ja2:1311140:1311147 [0] NCCL INFO NET/IB : Using [0]mlx5_0:1/IB [RO]; OOB enp68s0f0:172.23.15.12<0>
ja2:1311140:1311147 [0] NCCL INFO PROFILER/Plugin: Could not find: libnccl-profiler.so.
ja2:1311140:1311147 [0] NCCL INFO Using network IB
ja2:1311140:1311147 [0] NCCL INFO ncclCommInitRank comm 0x3a0a12b0 rank 0 nranks 2 cudaDev 0 nvmlDev 0 busId 1000 commId 0x163666ba370cbab - Init START
ja3:927214:927214 [0] NCCL INFO cudaDriverVersion 12000
ja3:927214:927214 [0] NCCL INFO NCCL version 2.23.4+cuda12.2
ja3:927214:927222 [0] NCCL INFO NET/Plugin: Could not find: libnccl-net.so. Using internal network plugin.
ja3:927214:927222 [0] NCCL INFO NCCL_IB_HCA set to mlx5_0
ja3:927214:927222 [0] NCCL INFO NET/IB : Using [0]mlx5_0:1/IB [RO]; OOB enp68s0f0:172.23.15.13<0>
ja3:927214:927222 [0] NCCL INFO PROFILER/Plugin: Could not find: libnccl-profiler.so.
ja3:927214:927222 [0] NCCL INFO Using network IB
ja3:927214:927222 [0] NCCL INFO ncclCommInitRank comm 0x3c14da20 rank 1 nranks 2 cudaDev 0 nvmlDev 0 busId 1000 commId 0x163666ba370cbab - Init START
ja3:927214:927222 [0] NCCL INFO NET/IB : GPU Direct RDMA Disabled for HCA 0 'mlx5_0'
ja2:1311140:1311147 [0] NCCL INFO NET/IB : GPU Direct RDMA Disabled for HCA 0 'mlx5_0'
ja2:1311140:1311147 [0] NCCL INFO comm 0x3a0a12b0 rank 0 nRanks 2 nNodes 2 localRanks 1 localRank 0 MNNVL 0
ja3:927214:927222 [0] NCCL INFO comm 0x3c14da20 rank 1 nRanks 2 nNodes 2 localRanks 1 localRank 0 MNNVL 0
ja2:1311140:1311147 [0] NCCL INFO MSCCL: No external scheduler found, using internal implementation
ja2:1311140:1311147 [0] NCCL INFO MSCCL: Internal Scheduler will use /home/wangyj05/msccl_azure/executor/msccl-executor-nccl/build/lib/msccl-algorithms as algorithm directory and /home/wangyj05/msccl_azure/executor/msccl-executor-nccl/build/lib/../share/nccl/msccl-algorithms as share algorithm directory and /usr/share/nccl/msccl-algorithms as package installed share algorithm directory 
ja3:927214:927222 [0] NCCL INFO MSCCL: No external scheduler found, using internal implementation
ja3:927214:927222 [0] NCCL INFO MSCCL: Internal Scheduler will use /home/wangyj05/msccl_azure/executor/msccl-executor-nccl/build/lib/msccl-algorithms as algorithm directory and /home/wangyj05/msccl_azure/executor/msccl-executor-nccl/build/lib/../share/nccl/msccl-algorithms as share algorithm directory and /usr/share/nccl/msccl-algorithms as package installed share algorithm directory 
ja2:1311140:1311147 [0] NCCL INFO Using MSCCL Algo files from /home/wangyj05/msccl_azure/executor/msccl-executor-nccl/build/lib/msccl-algorithms
ja2:1311140:1311147 [0] NCCL INFO Channel 00/02 : 0 1
ja2:1311140:1311147 [0] NCCL INFO Channel 01/02 : 0 1
ja2:1311140:1311147 [0] NCCL INFO Trees [0] 1/-1/-1->0->-1 [1] -1/-1/-1->0->1
ja2:1311140:1311147 [0] NCCL INFO NCCL_BUFFSIZE set by environment to 4194304.
ja2:1311140:1311147 [0] NCCL INFO NCCL_P2P_NET_CHUNKSIZE set by environment to 524288.
ja2:1311140:1311147 [0] NCCL INFO P2P Chunksize set to 524288
ja3:927214:927222 [0] NCCL INFO Using MSCCL Algo files from /home/wangyj05/msccl_azure/executor/msccl-executor-nccl/build/lib/msccl-algorithms
ja3:927214:927222 [0] NCCL INFO Trees [0] -1/-1/-1->1->0 [1] 0/-1/-1->1->-1
ja3:927214:927222 [0] NCCL INFO NCCL_BUFFSIZE set by environment to 4194304.
ja3:927214:927222 [0] NCCL INFO NCCL_P2P_NET_CHUNKSIZE set by environment to 524288.
ja3:927214:927222 [0] NCCL INFO P2P Chunksize set to 524288
ja2:1311140:1311149 [0] NCCL INFO [Proxy Service] Device 0 CPU core 64
ja3:927214:927224 [0] NCCL INFO [Proxy Service] Device 0 CPU core 192
ja2:1311140:1311150 [0] NCCL INFO [Proxy Service UDS] Device 0 CPU core 64
ja3:927214:927225 [0] NCCL INFO [Proxy Service UDS] Device 0 CPU core 192
ja3:927214:927222 [0] NCCL INFO NCCL_PROTO set by environment to Simple
ja3:927214:927222 [0] NCCL INFO threadThresholds 8/8/64 | 16/8/64 | 512 | 512
ja3:927214:927222 [0] NCCL INFO 2 coll channels, 2 collnet channels, 0 nvls channels, 2 p2p channels, 2 p2p channels per peer
ja2:1311140:1311147 [0] NCCL INFO NCCL_PROTO set by environment to Simple
ja2:1311140:1311147 [0] NCCL INFO threadThresholds 8/8/64 | 16/8/64 | 512 | 512
ja2:1311140:1311147 [0] NCCL INFO 2 coll channels, 2 collnet channels, 0 nvls channels, 2 p2p channels, 2 p2p channels per peer
ja2:1311140:1311147 [0] NCCL INFO CC Off, Multi-GPU CC Off, workFifoBytes 1048576
ja3:927214:927222 [0] NCCL INFO MSCCL: Initialization finished
ja3:927214:927222 [0] NCCL INFO TUNER/Plugin: Could not find: libnccl-tuner.so libnccl-net.so. Using internal tuner plugin.
ja3:927214:927222 [0] NCCL INFO ncclCommInitRank comm 0x3c14da20 rank 1 nranks 2 cudaDev 0 nvmlDev 0 busId 1000 commId 0x163666ba370cbab - Init COMPLETE
ja3:927214:927222 [0] NCCL INFO Init timings - ncclCommInitRank: rank 1 nranks 2 total 0.03 (kernels 0.00, alloc 0.02, bootstrap 0.00, allgathers 0.00, topo 0.00, graphs 0.00, connections 0.00, rest 0.00)
ja2:1311140:1311147 [0] NCCL INFO MSCCL: Initialization finished
ja2:1311140:1311147 [0] NCCL INFO TUNER/Plugin: Could not find: libnccl-tuner.so libnccl-net.so. Using internal tuner plugin.
ja2:1311140:1311147 [0] NCCL INFO ncclCommInitRank comm 0x3a0a12b0 rank 0 nranks 2 cudaDev 0 nvmlDev 0 busId 1000 commId 0x163666ba370cbab - Init COMPLETE
ja2:1311140:1311147 [0] NCCL INFO Init timings - ncclCommInitRank: rank 0 nranks 2 total 0.10 (kernels 0.00, alloc 0.02, bootstrap 0.08, allgathers 0.00, topo 0.00, graphs 0.00, connections 0.00, rest 0.00)
#
#                                                              out-of-place                       in-place          
#       size         count      type   redop    root     time   algbw   busbw #wrong     time   algbw   busbw #wrong
#        (B)    (elements)                               (us)  (GB/s)  (GB/s)            (us)  (GB/s)  (GB/s)       
ja2:1311140:1311151 [0] NCCL INFO NCCL_NET_SHARED_BUFFERS set by environment to 0.
ja3:927214:927226 [0] NCCL INFO NCCL_NET_SHARED_BUFFERS set by environment to 0.
ja3:927214:927224 [0] NCCL INFO New proxy recv connection 0 from local rank 0, transport 2
ja3:927214:927226 [0] NCCL INFO Connected to proxy localRank 0 -> connection 0x14dbf0000d10
ja2:1311140:1311149 [0] NCCL INFO New proxy recv connection 0 from local rank 0, transport 2
ja3:927214:927227 [0] NCCL INFO [Proxy Progress] Device 0 CPU core 192
ja3:927214:927226 [0] NCCL INFO Channel 00/1 : 0[0] -> 1[0] [receive] via NET/IB/0
ja3:927214:927224 [0] NCCL INFO New proxy recv connection 1 from local rank 0, transport 2
ja3:927214:927226 [0] NCCL INFO Connected to proxy localRank 0 -> connection 0x14dbf0000d88
ja2:1311140:1311152 [0] NCCL INFO [Proxy Progress] Device 0 CPU core 64
ja2:1311140:1311151 [0] NCCL INFO Connected to proxy localRank 0 -> connection 0x14fa44000cd0
ja3:927214:927226 [0] NCCL INFO Channel 01/1 : 0[0] -> 1[0] [receive] via NET/IB/0
ja3:927214:927224 [0] NCCL INFO New proxy send connection 2 from local rank 0, transport 2
ja3:927214:927226 [0] NCCL INFO Connected to proxy localRank 0 -> connection 0x14dbf0000e00
ja3:927214:927226 [0] NCCL INFO Channel 00/1 : 1[0] -> 0[0] [send] via NET/IB/0
ja2:1311140:1311151 [0] NCCL INFO Channel 00/1 : 1[0] -> 0[0] [receive] via NET/IB/0
ja2:1311140:1311149 [0] NCCL INFO New proxy recv connection 1 from local rank 0, transport 2
ja3:927214:927224 [0] NCCL INFO New proxy send connection 3 from local rank 0, transport 2
ja2:1311140:1311151 [0] NCCL INFO Connected to proxy localRank 0 -> connection 0x14fa44000d48
ja3:927214:927226 [0] NCCL INFO Connected to proxy localRank 0 -> connection 0x14dbf0000e78
ja3:927214:927226 [0] NCCL INFO Channel 01/1 : 1[0] -> 0[0] [send] via NET/IB/0
ja2:1311140:1311151 [0] NCCL INFO Channel 01/1 : 1[0] -> 0[0] [receive] via NET/IB/0
ja2:1311140:1311149 [0] NCCL INFO New proxy send connection 2 from local rank 0, transport 2
ja2:1311140:1311151 [0] NCCL INFO Connected to proxy localRank 0 -> connection 0x14fa44000dc0
ja2:1311140:1311151 [0] NCCL INFO Channel 00/1 : 0[0] -> 1[0] [send] via NET/IB/0
ja2:1311140:1311149 [0] NCCL INFO New proxy send connection 3 from local rank 0, transport 2
ja2:1311140:1311151 [0] NCCL INFO Connected to proxy localRank 0 -> connection 0x14fa44000e38
ja2:1311140:1311151 [0] NCCL INFO Channel 01/1 : 0[0] -> 1[0] [send] via NET/IB/0
ja2:1311140:1311149 [0] NCCL INFO NCCL_IB_QPS_PER_CONNECTION set by environment to 2.
ja3:927214:927224 [0] NCCL INFO NCCL_IB_QPS_PER_CONNECTION set by environment to 2.
ja2:1311140:1311149 [0] NCCL INFO NCCL_IB_FRAG_SIZE set by environment to 0.
ja3:927214:927224 [0] NCCL INFO NCCL_IB_FRAG_SIZE set by environment to 0.
ja3:927214:927224 [0] NCCL INFO NET/IB: NCCL Dev 0 IbDev 0 Port 1 qpn 3435 mtu 5 LID 23 subnet-prefix 33022  FLID 0 fifoRkey=0x1827e6 fifoLkey=0x1827e6
ja3:927214:927224 [0] NCCL INFO NET/IB: NCCL Dev 0 IbDev 0 Port 1 qpn 3436 mtu 5 LID 23 subnet-prefix 33022  FLID 0 fifoRkey=0x1827e6 fifoLkey=0x1827e6
ja2:1311140:1311149 [0] NCCL INFO NET/IB: NCCL Dev 0 IbDev 0 Port 1 qpn 3516 mtu 5 LID 22 subnet-prefix 33022  FLID 0 fifoRkey=0x17fcbb fifoLkey=0x17fcbb
ja2:1311140:1311149 [0] NCCL INFO NET/IB: NCCL Dev 0 IbDev 0 Port 1 qpn 3517 mtu 5 LID 22 subnet-prefix 33022  FLID 0 fifoRkey=0x17fcbb fifoLkey=0x17fcbb
ja3:927214:927224 [0] NCCL INFO NET/IB: NCCL Dev 0 IbDev 0 Port 1 qpn 3437 mtu 5 LID 23 subnet-prefix 33022  FLID 0 fifoRkey=0x1ffbba fifoLkey=0x1ffbba
ja3:927214:927224 [0] NCCL INFO NET/IB: NCCL Dev 0 IbDev 0 Port 1 qpn 3438 mtu 5 LID 23 subnet-prefix 33022  FLID 0 fifoRkey=0x1ffbba fifoLkey=0x1ffbba
ja2:1311140:1311149 [0] NCCL INFO NET/IB: NCCL Dev 0 IbDev 0 Port 1 qpn 3521 mtu 5 LID 22 subnet-prefix 33022  FLID 0 fifoRkey=0x1836f5 fifoLkey=0x1836f5
ja2:1311140:1311149 [0] NCCL INFO NET/IB: NCCL Dev 0 IbDev 0 Port 1 qpn 3522 mtu 5 LID 22 subnet-prefix 33022  FLID 0 fifoRkey=0x1836f5 fifoLkey=0x1836f5
ja2:1311140:1311152 [0] NCCL INFO NCCL_IB_SPLIT_DATA_ON_QPS set by environment to 1.
ja2:1311140:1311152 [0] NCCL INFO NCCL_IB_AR_THRESHOLD set by environment to 0.
ja3:927214:927227 [0] NCCL INFO NCCL_IB_SPLIT_DATA_ON_QPS set by environment to 1.
ja3:927214:927227 [0] NCCL INFO NCCL_IB_AR_THRESHOLD set by environment to 0.
       65536         16384     float     sum      -1    39.28    1.67    1.67      0    39.93    1.64    1.64    N/A
      131072         32768     float     sum      -1    54.28    2.41    2.41      0    57.09    2.30    2.30    N/A
      262144         65536     float     sum      -1    73.32    3.58    3.58      0    74.63    3.51    3.51    N/A
      524288        131072     float     sum      -1    115.1    4.55    4.55      0    127.4    4.12    4.12    N/A
     1048576        262144     float     sum      -1    198.6    5.28    5.28      0    189.7    5.53    5.53    N/A
     2097152        524288     float     sum      -1    313.6    6.69    6.69      0    314.9    6.66    6.66    N/A
ja2:1311140:1311140 [0] NCCL INFO comm 0x3a0a12b0 rank 0 nranks 2 cudaDev 0 busId 1000 - Destroy COMPLETE
ja2:1311140:1311140 [0] NCCL INFO MSCCL: Teardown finished
ja3:927214:927214 [0] NCCL INFO comm 0x3c14da20 rank 1 nranks 2 cudaDev 0 busId 1000 - Destroy COMPLETE
ja3:927214:927214 [0] NCCL INFO MSCCL: Teardown finished
# Out of bounds values : 0 OK
# Avg bus bandwidth    : 3.9944 
#

