# nThread 1 nGpus 1 minBytes 8 maxBytes 8192 step: 2(factor) warmup iters: 5 iters: 20 agg iters: 1 validation: 1 graph: 0
#
# Using devices
#  Rank  0 Group  0 Pid 1311536 on        ja2 device  0 [0000:01:00] Tesla V100-PCIE-16GB
#  Rank  1 Group  0 Pid 927485 on        ja3 device  0 [0000:01:00] Tesla V100-PCIE-16GB
ja2:1311536:1311536 [0] NCCL INFO cudaDriverVersion 12000
ja2:1311536:1311536 [0] NCCL INFO NCCL version 2.23.4+cuda12.2
ja2:1311536:1311545 [0] NCCL INFO NET/Plugin: Could not find: libnccl-net.so. Using internal network plugin.
ja2:1311536:1311545 [0] NCCL INFO NCCL_IB_HCA set to mlx5_0
ja2:1311536:1311545 [0] NCCL INFO NET/IB : Using [0]mlx5_0:1/IB [RO]; OOB enp68s0f0:172.23.15.12<0>
ja2:1311536:1311545 [0] NCCL INFO PROFILER/Plugin: Could not find: libnccl-profiler.so.
ja2:1311536:1311545 [0] NCCL INFO Using network IB
ja2:1311536:1311545 [0] NCCL INFO ncclCommInitRank comm 0x144328c0 rank 0 nranks 2 cudaDev 0 nvmlDev 0 busId 1000 commId 0x8140105e4f4f0c31 - Init START
ja3:927485:927485 [0] NCCL INFO cudaDriverVersion 12000
ja3:927485:927485 [0] NCCL INFO NCCL version 2.23.4+cuda12.2
ja3:927485:927491 [0] NCCL INFO NET/Plugin: Could not find: libnccl-net.so. Using internal network plugin.
ja3:927485:927491 [0] NCCL INFO NCCL_IB_HCA set to mlx5_0
ja3:927485:927491 [0] NCCL INFO NET/IB : Using [0]mlx5_0:1/IB [RO]; OOB enp68s0f0:172.23.15.13<0>
ja3:927485:927491 [0] NCCL INFO PROFILER/Plugin: Could not find: libnccl-profiler.so.
ja3:927485:927491 [0] NCCL INFO Using network IB
ja3:927485:927491 [0] NCCL INFO ncclCommInitRank comm 0x174f73b0 rank 1 nranks 2 cudaDev 0 nvmlDev 0 busId 1000 commId 0x8140105e4f4f0c31 - Init START
ja3:927485:927491 [0] NCCL INFO NET/IB : GPU Direct RDMA Disabled for HCA 0 'mlx5_0'
ja2:1311536:1311545 [0] NCCL INFO NET/IB : GPU Direct RDMA Disabled for HCA 0 'mlx5_0'
ja2:1311536:1311545 [0] NCCL INFO comm 0x144328c0 rank 0 nRanks 2 nNodes 2 localRanks 1 localRank 0 MNNVL 0
ja3:927485:927491 [0] NCCL INFO comm 0x174f73b0 rank 1 nRanks 2 nNodes 2 localRanks 1 localRank 0 MNNVL 0
ja2:1311536:1311545 [0] NCCL INFO MSCCL: No external scheduler found, using internal implementation
ja2:1311536:1311545 [0] NCCL INFO MSCCL: Internal Scheduler will use /home/wangyj05/msccl_azure/executor/msccl-executor-nccl/build/lib/msccl-algorithms as algorithm directory and /home/wangyj05/msccl_azure/executor/msccl-executor-nccl/build/lib/../share/nccl/msccl-algorithms as share algorithm directory and /usr/share/nccl/msccl-algorithms as package installed share algorithm directory 
ja3:927485:927491 [0] NCCL INFO MSCCL: No external scheduler found, using internal implementation
ja3:927485:927491 [0] NCCL INFO MSCCL: Internal Scheduler will use /home/wangyj05/msccl_azure/executor/msccl-executor-nccl/build/lib/msccl-algorithms as algorithm directory and /home/wangyj05/msccl_azure/executor/msccl-executor-nccl/build/lib/../share/nccl/msccl-algorithms as share algorithm directory and /usr/share/nccl/msccl-algorithms as package installed share algorithm directory 
ja2:1311536:1311545 [0] NCCL INFO Using MSCCL Algo files from /home/wangyj05/msccl_azure/executor/msccl-executor-nccl/build/lib/msccl-algorithms
ja2:1311536:1311545 [0] NCCL INFO Channel 00/02 : 0 1
ja2:1311536:1311545 [0] NCCL INFO Channel 01/02 : 0 1
ja2:1311536:1311545 [0] NCCL INFO Trees [0] 1/-1/-1->0->-1 [1] -1/-1/-1->0->1
ja2:1311536:1311545 [0] NCCL INFO NCCL_BUFFSIZE set by environment to 4194304.
ja2:1311536:1311545 [0] NCCL INFO NCCL_P2P_NET_CHUNKSIZE set by environment to 524288.
ja2:1311536:1311545 [0] NCCL INFO P2P Chunksize set to 524288
ja3:927485:927491 [0] NCCL INFO Using MSCCL Algo files from /home/wangyj05/msccl_azure/executor/msccl-executor-nccl/build/lib/msccl-algorithms
ja3:927485:927491 [0] NCCL INFO Trees [0] -1/-1/-1->1->0 [1] 0/-1/-1->1->-1
ja3:927485:927491 [0] NCCL INFO NCCL_BUFFSIZE set by environment to 4194304.
ja3:927485:927491 [0] NCCL INFO NCCL_P2P_NET_CHUNKSIZE set by environment to 524288.
ja3:927485:927491 [0] NCCL INFO P2P Chunksize set to 524288
ja2:1311536:1311547 [0] NCCL INFO [Proxy Service] Device 0 CPU core 192
ja3:927485:927493 [0] NCCL INFO [Proxy Service] Device 0 CPU core 192
ja3:927485:927494 [0] NCCL INFO [Proxy Service UDS] Device 0 CPU core 192
ja2:1311536:1311548 [0] NCCL INFO [Proxy Service UDS] Device 0 CPU core 192
ja3:927485:927491 [0] NCCL INFO NCCL_PROTO set by environment to Simple
ja3:927485:927491 [0] NCCL INFO threadThresholds 8/8/64 | 16/8/64 | 512 | 512
ja3:927485:927491 [0] NCCL INFO 2 coll channels, 2 collnet channels, 0 nvls channels, 2 p2p channels, 2 p2p channels per peer
ja2:1311536:1311545 [0] NCCL INFO NCCL_PROTO set by environment to Simple
ja2:1311536:1311545 [0] NCCL INFO threadThresholds 8/8/64 | 16/8/64 | 512 | 512
ja2:1311536:1311545 [0] NCCL INFO 2 coll channels, 2 collnet channels, 0 nvls channels, 2 p2p channels, 2 p2p channels per peer
ja2:1311536:1311545 [0] NCCL INFO CC Off, Multi-GPU CC Off, workFifoBytes 1048576
ja3:927485:927491 [0] NCCL INFO MSCCL: Initialization finished
ja3:927485:927491 [0] NCCL INFO TUNER/Plugin: Could not find: libnccl-tuner.so libnccl-net.so. Using internal tuner plugin.
ja3:927485:927491 [0] NCCL INFO ncclCommInitRank comm 0x174f73b0 rank 1 nranks 2 cudaDev 0 nvmlDev 0 busId 1000 commId 0x8140105e4f4f0c31 - Init COMPLETE
ja3:927485:927491 [0] NCCL INFO Init timings - ncclCommInitRank: rank 1 nranks 2 total 0.03 (kernels 0.00, alloc 0.02, bootstrap 0.00, allgathers 0.00, topo 0.00, graphs 0.00, connections 0.00, rest 0.00)
ja2:1311536:1311545 [0] NCCL INFO MSCCL: Initialization finished
ja2:1311536:1311545 [0] NCCL INFO TUNER/Plugin: Could not find: libnccl-tuner.so libnccl-net.so. Using internal tuner plugin.
ja2:1311536:1311545 [0] NCCL INFO ncclCommInitRank comm 0x144328c0 rank 0 nranks 2 cudaDev 0 nvmlDev 0 busId 1000 commId 0x8140105e4f4f0c31 - Init COMPLETE
ja2:1311536:1311545 [0] NCCL INFO Init timings - ncclCommInitRank: rank 0 nranks 2 total 0.11 (kernels 0.00, alloc 0.02, bootstrap 0.08, allgathers 0.00, topo 0.00, graphs 0.00, connections 0.00, rest 0.00)
#
#                                                              out-of-place                       in-place          
#       size         count      type   redop    root     time   algbw   busbw #wrong     time   algbw   busbw #wrong
#        (B)    (elements)                               (us)  (GB/s)  (GB/s)            (us)  (GB/s)  (GB/s)       
ja2:1311536:1311549 [0] NCCL INFO NCCL_NET_SHARED_BUFFERS set by environment to 0.
ja3:927485:927495 [0] NCCL INFO NCCL_NET_SHARED_BUFFERS set by environment to 0.
ja3:927485:927493 [0] NCCL INFO New proxy recv connection 0 from local rank 0, transport 2
ja3:927485:927495 [0] NCCL INFO Connected to proxy localRank 0 -> connection 0x1477d8000d10
ja2:1311536:1311547 [0] NCCL INFO New proxy recv connection 0 from local rank 0, transport 2
ja3:927485:927496 [0] NCCL INFO [Proxy Progress] Device 0 CPU core 192
ja2:1311536:1311550 [0] NCCL INFO [Proxy Progress] Device 0 CPU core 192
ja2:1311536:1311549 [0] NCCL INFO Connected to proxy localRank 0 -> connection 0x14ff58000cd0
ja3:927485:927495 [0] NCCL INFO Channel 00/1 : 0[0] -> 1[0] [receive] via NET/IB/0
ja3:927485:927493 [0] NCCL INFO New proxy recv connection 1 from local rank 0, transport 2
ja3:927485:927495 [0] NCCL INFO Connected to proxy localRank 0 -> connection 0x1477d8000d88
ja2:1311536:1311549 [0] NCCL INFO Channel 00/1 : 1[0] -> 0[0] [receive] via NET/IB/0
ja3:927485:927495 [0] NCCL INFO Channel 01/1 : 0[0] -> 1[0] [receive] via NET/IB/0
ja3:927485:927493 [0] NCCL INFO New proxy send connection 2 from local rank 0, transport 2
ja3:927485:927495 [0] NCCL INFO Connected to proxy localRank 0 -> connection 0x1477d8000e00
ja3:927485:927495 [0] NCCL INFO Channel 00/1 : 1[0] -> 0[0] [send] via NET/IB/0
ja3:927485:927493 [0] NCCL INFO New proxy send connection 3 from local rank 0, transport 2
ja3:927485:927495 [0] NCCL INFO Connected to proxy localRank 0 -> connection 0x1477d8000e78
ja2:1311536:1311547 [0] NCCL INFO New proxy recv connection 1 from local rank 0, transport 2
ja3:927485:927495 [0] NCCL INFO Channel 01/1 : 1[0] -> 0[0] [send] via NET/IB/0
ja2:1311536:1311549 [0] NCCL INFO Connected to proxy localRank 0 -> connection 0x14ff58000d48
ja2:1311536:1311549 [0] NCCL INFO Channel 01/1 : 1[0] -> 0[0] [receive] via NET/IB/0
ja2:1311536:1311547 [0] NCCL INFO New proxy send connection 2 from local rank 0, transport 2
ja2:1311536:1311549 [0] NCCL INFO Connected to proxy localRank 0 -> connection 0x14ff58000dc0
ja2:1311536:1311549 [0] NCCL INFO Channel 00/1 : 0[0] -> 1[0] [send] via NET/IB/0
ja2:1311536:1311547 [0] NCCL INFO New proxy send connection 3 from local rank 0, transport 2
ja2:1311536:1311549 [0] NCCL INFO Connected to proxy localRank 0 -> connection 0x14ff58000e38
ja2:1311536:1311549 [0] NCCL INFO Channel 01/1 : 0[0] -> 1[0] [send] via NET/IB/0
ja2:1311536:1311547 [0] NCCL INFO NCCL_IB_QPS_PER_CONNECTION set by environment to 4.
ja3:927485:927493 [0] NCCL INFO NCCL_IB_QPS_PER_CONNECTION set by environment to 4.
ja2:1311536:1311547 [0] NCCL INFO NCCL_IB_FRAG_SIZE set by environment to -1.
ja3:927485:927493 [0] NCCL INFO NCCL_IB_FRAG_SIZE set by environment to -1.
ja3:927485:927493 [0] NCCL INFO NET/IB: NCCL Dev 0 IbDev 0 Port 1 qpn 3614 mtu 5 LID 23 subnet-prefix 33022  FLID 0 fifoRkey=0x1800c0 fifoLkey=0x1800c0
ja3:927485:927493 [0] NCCL INFO NET/IB: NCCL Dev 0 IbDev 0 Port 1 qpn 3615 mtu 5 LID 23 subnet-prefix 33022  FLID 0 fifoRkey=0x1800c0 fifoLkey=0x1800c0
ja3:927485:927493 [0] NCCL INFO NET/IB: NCCL Dev 0 IbDev 0 Port 1 qpn 3616 mtu 5 LID 23 subnet-prefix 33022  FLID 0 fifoRkey=0x1800c0 fifoLkey=0x1800c0
ja3:927485:927493 [0] NCCL INFO NET/IB: NCCL Dev 0 IbDev 0 Port 1 qpn 3617 mtu 5 LID 23 subnet-prefix 33022  FLID 0 fifoRkey=0x1800c0 fifoLkey=0x1800c0
ja2:1311536:1311547 [0] NCCL INFO NET/IB: NCCL Dev 0 IbDev 0 Port 1 qpn 3695 mtu 5 LID 22 subnet-prefix 33022  FLID 0 fifoRkey=0x1836f5 fifoLkey=0x1836f5
ja2:1311536:1311547 [0] NCCL INFO NET/IB: NCCL Dev 0 IbDev 0 Port 1 qpn 3696 mtu 5 LID 22 subnet-prefix 33022  FLID 0 fifoRkey=0x1836f5 fifoLkey=0x1836f5
ja2:1311536:1311547 [0] NCCL INFO NET/IB: NCCL Dev 0 IbDev 0 Port 1 qpn 3697 mtu 5 LID 22 subnet-prefix 33022  FLID 0 fifoRkey=0x1836f5 fifoLkey=0x1836f5
ja2:1311536:1311547 [0] NCCL INFO NET/IB: NCCL Dev 0 IbDev 0 Port 1 qpn 3698 mtu 5 LID 22 subnet-prefix 33022  FLID 0 fifoRkey=0x1836f5 fifoLkey=0x1836f5
ja3:927485:927493 [0] NCCL INFO NET/IB: NCCL Dev 0 IbDev 0 Port 1 qpn 3618 mtu 5 LID 23 subnet-prefix 33022  FLID 0 fifoRkey=0x178c4b fifoLkey=0x178c4b
ja3:927485:927493 [0] NCCL INFO NET/IB: NCCL Dev 0 IbDev 0 Port 1 qpn 3619 mtu 5 LID 23 subnet-prefix 33022  FLID 0 fifoRkey=0x178c4b fifoLkey=0x178c4b
ja3:927485:927493 [0] NCCL INFO NET/IB: NCCL Dev 0 IbDev 0 Port 1 qpn 3620 mtu 5 LID 23 subnet-prefix 33022  FLID 0 fifoRkey=0x178c4b fifoLkey=0x178c4b
ja3:927485:927493 [0] NCCL INFO NET/IB: NCCL Dev 0 IbDev 0 Port 1 qpn 3621 mtu 5 LID 23 subnet-prefix 33022  FLID 0 fifoRkey=0x178c4b fifoLkey=0x178c4b
ja3:927485:927493 [0] NCCL INFO NCCL_IB_FRAG_BATCH set by environment to 2.
ja3:927485:927493 [0] NCCL INFO NET/IB: MTU fragmentation on: fragSize=4096 batch=2 sqDepth=2048 nqps=4
ja2:1311536:1311547 [0] NCCL INFO NET/IB: NCCL Dev 0 IbDev 0 Port 1 qpn 3704 mtu 5 LID 22 subnet-prefix 33022  FLID 0 fifoRkey=0x17fcbb fifoLkey=0x17fcbb
ja2:1311536:1311547 [0] NCCL INFO NET/IB: NCCL Dev 0 IbDev 0 Port 1 qpn 3705 mtu 5 LID 22 subnet-prefix 33022  FLID 0 fifoRkey=0x17fcbb fifoLkey=0x17fcbb
ja2:1311536:1311547 [0] NCCL INFO NET/IB: NCCL Dev 0 IbDev 0 Port 1 qpn 3706 mtu 5 LID 22 subnet-prefix 33022  FLID 0 fifoRkey=0x17fcbb fifoLkey=0x17fcbb
ja2:1311536:1311547 [0] NCCL INFO NET/IB: NCCL Dev 0 IbDev 0 Port 1 qpn 3707 mtu 5 LID 22 subnet-prefix 33022  FLID 0 fifoRkey=0x17fcbb fifoLkey=0x17fcbb
ja2:1311536:1311547 [0] NCCL INFO NCCL_IB_FRAG_BATCH set by environment to 2.
ja2:1311536:1311547 [0] NCCL INFO NET/IB: MTU fragmentation on: fragSize=4096 batch=2 sqDepth=2048 nqps=4
ja3:927485:927493 [0] NCCL INFO NET/IB: MTU fragmentation on: fragSize=4096 batch=2 sqDepth=2048 nqps=4
ja2:1311536:1311547 [0] NCCL INFO NET/IB: MTU fragmentation on: fragSize=4096 batch=2 sqDepth=2048 nqps=4
ja2:1311536:1311550 [0] NCCL INFO NCCL_IB_SPLIT_DATA_ON_QPS set by environment to 1.
ja3:927485:927496 [0] NCCL INFO NCCL_IB_SPLIT_DATA_ON_QPS set by environment to 1.
           8             2     float     sum      -1    15.20    0.00    0.00      0    14.65    0.00    0.00    N/A
          16             4     float     sum      -1    17.23    0.00    0.00      0    14.25    0.00    0.00    N/A
          32             8     float     sum      -1    17.64    0.00    0.00      0    14.83    0.00    0.00    N/A
          64            16     float     sum      -1    17.98    0.00    0.00      0    14.57    0.00    0.00    N/A
         128            32     float     sum      -1    17.55    0.01    0.01      0    15.85    0.01    0.01    N/A
         256            64     float     sum      -1    19.29    0.01    0.01      0    16.42    0.02    0.02    N/A
         512           128     float     sum      -1    18.66    0.03    0.03      0    25.11    0.02    0.02    N/A
        1024           256     float     sum      -1    20.18    0.05    0.05      0    16.81    0.06    0.06    N/A
        2048           512     float     sum      -1    20.17    0.10    0.10      0    18.13    0.11    0.11    N/A
        4096          1024     float     sum      -1    22.60    0.18    0.18      0    20.12    0.20    0.20    N/A
        8192          2048     float     sum      -1    27.31    0.30    0.30      0    26.94    0.30    0.30    N/A
ja3:927485:927485 [0] NCCL INFO comm 0x174f73b0 rank 1 nranks 2 cudaDev 0 busId 1000 - Destroy COMPLETE
ja3:927485:927485 [0] NCCL INFO MSCCL: Teardown finished
ja2:1311536:1311536 [0] NCCL INFO comm 0x144328c0 rank 0 nranks 2 cudaDev 0 busId 1000 - Destroy COMPLETE
ja2:1311536:1311536 [0] NCCL INFO MSCCL: Teardown finished
# Out of bounds values : 0 OK
# Avg bus bandwidth    : 0.0646435 
#

